// Jest Snapshot v1, https://goo.gl/fbAQLP

exports[`ssr-customRender ssr-customRender / 1`] = `"<!DOCTYPE html><html><head><link rel=\\"stylesheet\\" href=\\"/umi.css\\"><meta charset=\\"utf-8\\"><meta name=\\"viewport\\" content=\\"width=device-width, initial-scale=1, maximum-scale=1, minimum-scale=1, user-scalable=no\\"><script>window.g_useSSR=true;</script><script>window.routerBase = \\"/\\";</script></head><body><div id=\\"root\\"><div class=\\"wrapper\\"><h1>Hello UmiJS SSR Styles</h1><ul><li>Alice</li><li>Jack</li><li>Tony</li></ul></div></div><script>window.g_initialData = {};</script><script src=\\"/umi.js\\"></script></body></html>"`;
