// Jest Snapshot v1, https://goo.gl/fbAQLP

exports[`ssr stream 1`] = `"<!DOCTYPE html><html data-reactroot><head><meta charset=\\"utf-8\\"><meta name=\\"viewport\\" content=\\"width=device-width, initial-scale=1, maximum-scale=1, minimum-scale=1, user-scalable=no\\"><script>window.g_useSSR=true;</script><script>window.routerBase = \\"/\\";</script></head><body><div id=\\"root\\"><div class=\\"wrapper\\"><h1>Hello UmiJS SSR</h1><ul><li>Alice</li><li>Jack</li><li>Tony</li></ul><button>0</button></div></div><script>window.g_initialData = {\\"list\\":[{\\"name\\":\\"Alice\\"},{\\"name\\":\\"Jack\\"},{\\"name\\":\\"Tony\\"}]};</script><script src=\\"/umi.js\\"></script></body></html>"`;
