// Jest Snapshot v1, https://goo.gl/fbAQLP

exports[`react-document-title test 1`] = `"<!DOCTYPE html><html data-reactroot><head><title>React DocumentTitle Index</title><meta charset=\\"utf-8\\"><meta name=\\"viewport\\" content=\\"width=device-width, initial-scale=1, maximum-scale=1, minimum-scale=1, user-scalable=no\\"><script>window.g_useSSR=true;</script><script>window.routerBase = \\"/\\";</script></head><body><div id=\\"root\\"><div class=\\"normal___1KW4T\\"><h1>Page index <!-- -->Umi SSR react-helment</h1><h2>csr: <!-- -->http://127.0.0.1:8000</h2></div></div><script>window.g_initialData = {\\"data\\":{\\"ssr\\":\\"http:\\\\u002F\\\\u002F127.0.0.1:7001\\",\\"csr\\":\\"http:\\\\u002F\\\\u002F127.0.0.1:8000\\"}};</script><script src=\\"/umi.js\\"></script></body></html>"`;

exports[`react-document-title test 2`] = `"<!DOCTYPE html><html data-reactroot><head><title>Hello Umi SSR Helmet user title</title><meta charset=\\"utf-8\\"><meta name=\\"viewport\\" content=\\"width=device-width, initial-scale=1, maximum-scale=1, minimum-scale=1, user-scalable=no\\"><script>window.g_useSSR=true;</script><script>window.routerBase = \\"/\\";</script></head><body><div id=\\"root\\"><div class=\\"normal___1KMnC\\"><h1>Page users111</h1><h2>users</h2><ul><li>foo</li><li>bar</li></ul></div></div><script>window.g_initialData = {\\"list\\":[\\"foo\\",\\"bar\\"]};</script><script src=\\"/umi.js\\"></script></body></html>"`;
